
===========================================================================
report_checks -unconstrained
===========================================================================
======================= Typical Corner ===================================

Startpoint: rst_n (input port clocked by clk)
Endpoint: _18750_ (recovery check against rising-edge clock clk)
Path Group: asynchronous
Path Type: max

Fanout     Cap    Slew   Delay    Time   Description
-----------------------------------------------------------------------------
                          0.00    0.00   clock clk (rise edge)
                          0.00    0.00   clock network delay (propagated)
                          4.00    4.00 ^ input external delay
                  0.02    0.01    4.01 ^ rst_n (in)
     1    0.00                           rst_n (net)
                  0.02    0.00    4.01 ^ input137/A (sky130_fd_sc_hd__clkbuf_2)
                  0.17    0.19    4.21 ^ input137/X (sky130_fd_sc_hd__clkbuf_2)
     1    0.03                           net137 (net)
                  0.17    0.00    4.21 ^ fanout280/A (sky130_fd_sc_hd__buf_8)
                  0.27    0.28    4.49 ^ fanout280/X (sky130_fd_sc_hd__buf_8)
    10    0.17                           net280 (net)
                  0.29    0.05    4.54 ^ fanout279/A (sky130_fd_sc_hd__clkbuf_8)
                  0.16    0.30    4.85 ^ fanout279/X (sky130_fd_sc_hd__clkbuf_8)
    10    0.09                           net279 (net)
                  0.16    0.01    4.86 ^ fanout275/A (sky130_fd_sc_hd__clkbuf_4)
                  0.17    0.28    5.13 ^ fanout275/X (sky130_fd_sc_hd__clkbuf_4)
     7    0.05                           net275 (net)
                  0.17    0.00    5.13 ^ fanout272/A (sky130_fd_sc_hd__buf_4)
                  0.17    0.26    5.39 ^ fanout272/X (sky130_fd_sc_hd__buf_4)
    10    0.06                           net272 (net)
                  0.17    0.00    5.39 ^ _18750_/RESET_B (sky130_fd_sc_hd__dfrtp_4)
                                  5.39   data arrival time

                         20.00   20.00   clock clk (rise edge)
                          0.00   20.00   clock source latency
                  0.59    0.40   20.40 ^ clk (in)
     3    0.13                           clk (net)
                  0.59    0.00   20.40 ^ clkbuf_0_clk/A (sky130_fd_sc_hd__clkbuf_16)
                  0.23    0.37   20.77 ^ clkbuf_0_clk/X (sky130_fd_sc_hd__clkbuf_16)
     8    0.22                           clknet_0_clk (net)
                  0.23    0.02   20.79 ^ clkbuf_2_3_0_clk/A (sky130_fd_sc_hd__clkbuf_8)
                  0.36    0.39   21.18 ^ clkbuf_2_3_0_clk/X (sky130_fd_sc_hd__clkbuf_8)
     8    0.21                           clknet_2_3_0_clk (net)
                  0.36    0.01   21.19 ^ clkbuf_5_30__f_clk/A (sky130_fd_sc_hd__clkbuf_16)
                  0.20    0.31   21.50 ^ clkbuf_5_30__f_clk/X (sky130_fd_sc_hd__clkbuf_16)
    16    0.19                           clknet_5_30__leaf_clk (net)
                  0.20    0.01   21.51 ^ _18750_/CLK (sky130_fd_sc_hd__dfrtp_4)
                         -0.25   21.26   clock uncertainty
                          0.00   21.26   clock reconvergence pessimism
                          0.22   21.48   library recovery time
                                 21.48   data required time
-----------------------------------------------------------------------------
                                 21.48   data required time
                                 -5.39   data arrival time
-----------------------------------------------------------------------------
                                 16.09   slack (MET)


Startpoint: mb_y_pos[1] (input port clocked by clk)
Endpoint: mem_addr[31] (output port clocked by clk)
Path Group: clk
Path Type: max

Fanout     Cap    Slew   Delay    Time   Description
-----------------------------------------------------------------------------
                          0.00    0.00   clock clk (rise edge)
                          0.00    0.00   clock network delay (propagated)
                          4.00    4.00 ^ input external delay
                  0.03    0.02    4.02 ^ mb_y_pos[1] (in)
     1    0.01                           mb_y_pos[1] (net)
                  0.03    0.00    4.02 ^ input76/A (sky130_fd_sc_hd__buf_6)
                  0.27    0.27    4.29 ^ input76/X (sky130_fd_sc_hd__buf_6)
     1    0.14                           net76 (net)
                  0.27    0.01    4.30 ^ _09715_/A (sky130_fd_sc_hd__buf_6)
                  0.10    0.20    4.50 ^ _09715_/X (sky130_fd_sc_hd__buf_6)
    10    0.04                           _04788_ (net)
                  0.10    0.00    4.51 ^ _09716_/B (sky130_fd_sc_hd__nor2_1)
                  0.05    0.07    4.58 v _09716_/Y (sky130_fd_sc_hd__nor2_1)
     1    0.01                           _04789_ (net)
                  0.05    0.00    4.58 v _09718_/A2 (sky130_fd_sc_hd__o21a_4)
                  0.06    0.24    4.82 v _09718_/X (sky130_fd_sc_hd__o21a_4)
     4    0.03                           _04791_ (net)
                  0.06    0.00    4.82 v _09720_/A2 (sky130_fd_sc_hd__o211a_1)
                  0.09    0.27    5.09 v _09720_/X (sky130_fd_sc_hd__o211a_1)
     4    0.01                           _04793_ (net)
                  0.09    0.00    5.10 v _09733_/A2 (sky130_fd_sc_hd__o31a_1)
                  0.10    0.37    5.46 v _09733_/X (sky130_fd_sc_hd__o31a_1)
     2    0.02                           _04806_ (net)
                  0.10    0.00    5.47 v _09746_/A2 (sky130_fd_sc_hd__a2111oi_2)
                  0.25    0.37    5.84 ^ _09746_/Y (sky130_fd_sc_hd__a2111oi_2)
     1    0.00                           _04819_ (net)
                  0.25    0.00    5.84 ^ wire3/A (sky130_fd_sc_hd__clkbuf_1)
                  0.07    0.15    5.99 ^ wire3/X (sky130_fd_sc_hd__clkbuf_1)
     2    0.01                           net2002 (net)
                  0.07    0.00    5.99 ^ max_cap2/A (sky130_fd_sc_hd__clkbuf_1)
                  0.05    0.09    6.08 ^ max_cap2/X (sky130_fd_sc_hd__clkbuf_1)
     1    0.00                           net2001 (net)
                  0.05    0.00    6.08 ^ max_cap219/A (sky130_fd_sc_hd__clkbuf_2)
                  0.06    0.12    6.20 ^ max_cap219/X (sky130_fd_sc_hd__clkbuf_2)
     2    0.01                           net219 (net)
                  0.06    0.00    6.20 ^ _09770_/A1 (sky130_fd_sc_hd__o21ai_1)
                  0.10    0.11    6.32 v _09770_/Y (sky130_fd_sc_hd__o21ai_1)
     3    0.01                           _04843_ (net)
                  0.10    0.00    6.32 v _09807_/A2 (sky130_fd_sc_hd__o211a_1)
                  0.07    0.26    6.58 v _09807_/X (sky130_fd_sc_hd__o211a_1)
     2    0.01                           _04880_ (net)
                  0.07    0.00    6.58 v _09817_/B (sky130_fd_sc_hd__xnor2_1)
                  0.08    0.15    6.74 v _09817_/Y (sky130_fd_sc_hd__xnor2_1)
     1    0.01                           _04890_ (net)
                  0.08    0.00    6.74 v _09855_/A (sky130_fd_sc_hd__or4_4)
                  0.09    0.57    7.31 v _09855_/X (sky130_fd_sc_hd__or4_4)
     1    0.01                           _04928_ (net)
                  0.09    0.00    7.31 v _09860_/B (sky130_fd_sc_hd__or4_4)
                  0.09    0.55    7.86 v _09860_/X (sky130_fd_sc_hd__or4_4)
     1    0.01                           _04933_ (net)
                  0.09    0.00    7.86 v _09861_/D (sky130_fd_sc_hd__or4_4)
                  0.13    0.53    8.39 v _09861_/X (sky130_fd_sc_hd__or4_4)
     8    0.03                           _04934_ (net)
                  0.13    0.00    8.40 v _09948_/C (sky130_fd_sc_hd__or4_4)
                  0.12    0.59    8.99 v _09948_/X (sky130_fd_sc_hd__or4_4)
     5    0.02                           _05019_ (net)
                  0.12    0.00    8.99 v _10002_/S (sky130_fd_sc_hd__mux2_4)
                  0.08    0.39    9.38 v _10002_/X (sky130_fd_sc_hd__mux2_4)
     2    0.03                           _05072_ (net)
                  0.08    0.00    9.38 v _10004_/A (sky130_fd_sc_hd__xnor2_4)
                  0.22    0.26    9.64 ^ _10004_/Y (sky130_fd_sc_hd__xnor2_4)
     7    0.02                           _05074_ (net)
                  0.22    0.00    9.64 ^ _10005_/B (sky130_fd_sc_hd__and2b_1)
                  0.09    0.20    9.84 ^ _10005_/X (sky130_fd_sc_hd__and2b_1)
     2    0.01                           _05075_ (net)
                  0.09    0.00    9.84 ^ _10007_/A (sky130_fd_sc_hd__nor2_1)
                  0.05    0.07    9.92 v _10007_/Y (sky130_fd_sc_hd__nor2_1)
     1    0.01                           _05077_ (net)
                  0.05    0.00    9.92 v _10008_/B (sky130_fd_sc_hd__xnor2_1)
                  0.28    0.27   10.19 ^ _10008_/Y (sky130_fd_sc_hd__xnor2_1)
     2    0.01                           _05078_ (net)
                  0.28    0.00   10.19 ^ _10011_/A (sky130_fd_sc_hd__xor2_1)
                  0.20    0.26   10.44 ^ _10011_/X (sky130_fd_sc_hd__xor2_1)
     2    0.01                           _05081_ (net)
                  0.20    0.00   10.44 ^ _10012_/B (sky130_fd_sc_hd__xor2_1)
                  0.21    0.25   10.69 ^ _10012_/X (sky130_fd_sc_hd__xor2_1)
     2    0.01                           _05082_ (net)
                  0.21    0.00   10.69 ^ _10016_/A (sky130_fd_sc_hd__xor2_1)
                  0.23    0.26   10.96 ^ _10016_/X (sky130_fd_sc_hd__xor2_1)
     2    0.01                           _05086_ (net)
                  0.23    0.00   10.96 ^ _10020_/B1 (sky130_fd_sc_hd__o311a_4)
                  0.09    0.29   11.25 ^ _10020_/X (sky130_fd_sc_hd__o311a_4)
     4    0.02                           _05090_ (net)
                  0.09    0.00   11.25 ^ _10114_/A2 (sky130_fd_sc_hd__o31ai_2)
                  0.11    0.11   11.36 v _10114_/Y (sky130_fd_sc_hd__o31ai_2)
     3    0.02                           _05182_ (net)
                  0.11    0.00   11.36 v _10225_/B (sky130_fd_sc_hd__or3b_4)
                  0.07    0.42   11.78 v _10225_/X (sky130_fd_sc_hd__or3b_4)
     2    0.01                           _05291_ (net)
                  0.07    0.00   11.78 v _10245_/A1 (sky130_fd_sc_hd__a21o_1)
                  0.10    0.24   12.01 v _10245_/X (sky130_fd_sc_hd__a21o_1)
     5    0.02                           _05311_ (net)
                  0.10    0.00   12.01 v _10409_/A1 (sky130_fd_sc_hd__a2111o_1)
                  0.09    0.44   12.45 v _10409_/X (sky130_fd_sc_hd__a2111o_1)
     2    0.01                           _05471_ (net)
                  0.09    0.00   12.45 v _10483_/A2 (sky130_fd_sc_hd__a211o_1)
                  0.10    0.38   12.84 v _10483_/X (sky130_fd_sc_hd__a211o_1)
     2    0.01                           _05543_ (net)
                  0.10    0.00   12.84 v _10486_/A1 (sky130_fd_sc_hd__a21oi_4)
                  0.16    0.20   13.04 ^ _10486_/Y (sky130_fd_sc_hd__a21oi_4)
     3    0.02                           _05546_ (net)
                  0.16    0.00   13.04 ^ _10568_/A2 (sky130_fd_sc_hd__o2111ai_4)
                  0.19    0.19   13.23 v _10568_/Y (sky130_fd_sc_hd__o2111ai_4)
     4    0.03                           _05625_ (net)
                  0.19    0.00   13.23 v _10651_/D (sky130_fd_sc_hd__nor4_4)
                  0.21    0.20   13.43 ^ _10651_/Y (sky130_fd_sc_hd__nor4_4)
     2    0.01                           _05705_ (net)
                  0.21    0.00   13.43 ^ max_cap203/A (sky130_fd_sc_hd__clkbuf_1)
                  0.09    0.16   13.59 ^ max_cap203/X (sky130_fd_sc_hd__clkbuf_1)
     2    0.01                           net203 (net)
                  0.09    0.00   13.59 ^ max_cap202/A (sky130_fd_sc_hd__clkbuf_1)
                  0.09    0.13   13.72 ^ max_cap202/X (sky130_fd_sc_hd__clkbuf_1)
     2    0.01                           net202 (net)
                  0.09    0.00   13.72 ^ _10709_/D (sky130_fd_sc_hd__and4_4)
                  0.11    0.30   14.02 ^ _10709_/X (sky130_fd_sc_hd__and4_4)
     6    0.03                           _05760_ (net)
                  0.11    0.00   14.02 ^ _10813_/D (sky130_fd_sc_hd__and4_1)
                  0.11    0.26   14.28 ^ _10813_/X (sky130_fd_sc_hd__and4_1)
     2    0.01                           _05861_ (net)
                  0.11    0.00   14.28 ^ _10831_/B (sky130_fd_sc_hd__xor2_1)
                  0.17    0.20   14.48 ^ _10831_/X (sky130_fd_sc_hd__xor2_1)
     1    0.01                           _05878_ (net)
                  0.17    0.00   14.48 ^ _10832_/B1 (sky130_fd_sc_hd__a22o_4)
                  0.49    0.43   14.91 ^ _10832_/X (sky130_fd_sc_hd__a22o_4)
     1    0.18                           net164 (net)
                  0.53    0.11   15.02 ^ output164/A (sky130_fd_sc_hd__buf_8)
                  0.07    0.21   15.23 ^ output164/X (sky130_fd_sc_hd__buf_8)
     1    0.03                           mem_addr[31] (net)
                  0.07    0.00   15.23 ^ mem_addr[31] (out)
                                 15.23   data arrival time

                         20.00   20.00   clock clk (rise edge)
                          0.00   20.00   clock network delay (propagated)
                         -0.25   19.75   clock uncertainty
                          0.00   19.75   clock reconvergence pessimism
                         -4.00   15.75   output external delay
                                 15.75   data required time
-----------------------------------------------------------------------------
                                 15.75   data required time
                                -15.23   data arrival time
-----------------------------------------------------------------------------
                                  0.52   slack (MET)




===========================================================================
report_checks --slack_max -0.01
============================================================================
======================= Typical Corner ===================================

No paths found.


===========================================================================
 report_check_types -max_slew -max_cap -max_fanout -violators
============================================================================
======================= Typical Corner ===================================

max slew

Pin                                    Limit    Slew   Slack
------------------------------------------------------------
_13124_/B1                              0.75    0.78   -0.03 (VIOLATED)
_11751_/B1                              0.75    0.78   -0.03 (VIOLATED)
_16626_/A                               0.75    0.78   -0.03 (VIOLATED)
_12060_/B1                              0.75    0.78   -0.03 (VIOLATED)
_11460_/B1                              0.75    0.78   -0.03 (VIOLATED)
_11263_/B1                              0.75    0.78   -0.03 (VIOLATED)
_11260_/Y                               0.75    0.78   -0.03 (VIOLATED)

max fanout

Pin                                   Limit Fanout  Slack
---------------------------------------------------------
_11016_/X                                10     35    -25 (VIOLATED)
_11433_/X                                10     28    -18 (VIOLATED)
_11767_/X                                10     27    -17 (VIOLATED)
_11087_/X                                10     25    -15 (VIOLATED)
_11041_/X                                10     23    -13 (VIOLATED)
_11302_/X                                10     23    -13 (VIOLATED)
_11915_/X                                10     23    -13 (VIOLATED)
_12030_/X                                10     23    -13 (VIOLATED)
_10860_/X                                10     22    -12 (VIOLATED)
_11146_/X                                10     22    -12 (VIOLATED)
_16926_/X                                10     22    -12 (VIOLATED)
_18756_/Q                                10     22    -12 (VIOLATED)
_11157_/X                                10     21    -11 (VIOLATED)
_10857_/X                                10     20    -10 (VIOLATED)
_10912_/X                                10     20    -10 (VIOLATED)
_10964_/X                                10     20    -10 (VIOLATED)
_11410_/X                                10     20    -10 (VIOLATED)
_11703_/X                                10     20    -10 (VIOLATED)
_11729_/X                                10     20    -10 (VIOLATED)
_11886_/X                                10     20    -10 (VIOLATED)
_11035_/X                                10     19     -9 (VIOLATED)
_11101_/X                                10     19     -9 (VIOLATED)
_11699_/X                                10     19     -9 (VIOLATED)
_11806_/X                                10     19     -9 (VIOLATED)
_12252_/X                                10     19     -9 (VIOLATED)
_09935_/X                                10     18     -8 (VIOLATED)
_10937_/X                                10     18     -8 (VIOLATED)
_11270_/X                                10     18     -8 (VIOLATED)
_11335_/X                                10     18     -8 (VIOLATED)
_11662_/X                                10     18     -8 (VIOLATED)
_11709_/X                                10     18     -8 (VIOLATED)
_11715_/X                                10     18     -8 (VIOLATED)
_11789_/X                                10     18     -8 (VIOLATED)
_11863_/X                                10     18     -8 (VIOLATED)
_10864_/X                                10     17     -7 (VIOLATED)
_11267_/X                                10     17     -7 (VIOLATED)
_11327_/X                                10     17     -7 (VIOLATED)
_11350_/X                                10     17     -7 (VIOLATED)
_11875_/X                                10     17     -7 (VIOLATED)
_12051_/X                                10     17     -7 (VIOLATED)
_15026_/X                                10     17     -7 (VIOLATED)
_15596_/X                                10     17     -7 (VIOLATED)
_16363_/X                                10     17     -7 (VIOLATED)
_17209_/X                                10     17     -7 (VIOLATED)
_10856_/X                                10     16     -6 (VIOLATED)
_10877_/X                                10     16     -6 (VIOLATED)
_10886_/X                                10     16     -6 (VIOLATED)
_10993_/X                                10     16     -6 (VIOLATED)
_11023_/X                                10     16     -6 (VIOLATED)
_11095_/X                                10     16     -6 (VIOLATED)
_11102_/X                                10     16     -6 (VIOLATED)
_11108_/X                                10     16     -6 (VIOLATED)
_11126_/X                                10     16     -6 (VIOLATED)
_11163_/X                                10     16     -6 (VIOLATED)
_11505_/X                                10     16     -6 (VIOLATED)
_11663_/X                                10     16     -6 (VIOLATED)
_13988_/X                                10     16     -6 (VIOLATED)
_14609_/X                                10     16     -6 (VIOLATED)
_15036_/X                                10     16     -6 (VIOLATED)
_15059_/X                                10     16     -6 (VIOLATED)
_15588_/X                                10     16     -6 (VIOLATED)
_15599_/X                                10     16     -6 (VIOLATED)
clkbuf_5_30__f_clk/X                     10     16     -6 (VIOLATED)
_10845_/X                                10     15     -5 (VIOLATED)
_10865_/X                                10     15     -5 (VIOLATED)
_10925_/X                                10     15     -5 (VIOLATED)
_11067_/X                                10     15     -5 (VIOLATED)
_11070_/X                                10     15     -5 (VIOLATED)
_11114_/X                                10     15     -5 (VIOLATED)
_11121_/X                                10     15     -5 (VIOLATED)
_11134_/X                                10     15     -5 (VIOLATED)
_11165_/X                                10     15     -5 (VIOLATED)
_11296_/X                                10     15     -5 (VIOLATED)
_11377_/X                                10     15     -5 (VIOLATED)
_11713_/X                                10     15     -5 (VIOLATED)
_11725_/X                                10     15     -5 (VIOLATED)
_11727_/X                                10     15     -5 (VIOLATED)
_11770_/X                                10     15     -5 (VIOLATED)
_11867_/X                                10     15     -5 (VIOLATED)
_12208_/X                                10     15     -5 (VIOLATED)
_12786_/X                                10     15     -5 (VIOLATED)
_15368_/X                                10     15     -5 (VIOLATED)
_15886_/X                                10     15     -5 (VIOLATED)
_15892_/X                                10     15     -5 (VIOLATED)
_16802_/X                                10     15     -5 (VIOLATED)
_16805_/X                                10     15     -5 (VIOLATED)
_16946_/X                                10     15     -5 (VIOLATED)
clkbuf_5_29__f_clk/X                     10     15     -5 (VIOLATED)
clkbuf_5_7__f_clk/X                      10     15     -5 (VIOLATED)
_10890_/X                                10     14     -4 (VIOLATED)
_11086_/X                                10     14     -4 (VIOLATED)
_11159_/X                                10     14     -4 (VIOLATED)
_11175_/X                                10     14     -4 (VIOLATED)
_11190_/X                                10     14     -4 (VIOLATED)
_11673_/X                                10     14     -4 (VIOLATED)
_11832_/X                                10     14     -4 (VIOLATED)
_12039_/X                                10     14     -4 (VIOLATED)
_15044_/X                                10     14     -4 (VIOLATED)
_16542_/X                                10     14     -4 (VIOLATED)
_16937_/X                                10     14     -4 (VIOLATED)
_17212_/X                                10     14     -4 (VIOLATED)
_19636_/Q                                10     14     -4 (VIOLATED)
clkbuf_5_14__f_clk/X                     10     14     -4 (VIOLATED)
clkbuf_5_16__f_clk/X                     10     14     -4 (VIOLATED)
clkbuf_5_2__f_clk/X                      10     14     -4 (VIOLATED)
clkbuf_5_3__f_clk/X                      10     14     -4 (VIOLATED)
_10874_/X                                10     13     -3 (VIOLATED)
_10934_/X                                10     13     -3 (VIOLATED)
_10966_/X                                10     13     -3 (VIOLATED)
_11206_/X                                10     13     -3 (VIOLATED)
_11355_/X                                10     13     -3 (VIOLATED)
_11429_/X                                10     13     -3 (VIOLATED)
_12075_/X                                10     13     -3 (VIOLATED)
_12663_/X                                10     13     -3 (VIOLATED)
_13509_/X                                10     13     -3 (VIOLATED)
_13527_/X                                10     13     -3 (VIOLATED)
_14625_/X                                10     13     -3 (VIOLATED)
_14971_/X                                10     13     -3 (VIOLATED)
_15056_/X                                10     13     -3 (VIOLATED)
_15096_/X                                10     13     -3 (VIOLATED)
_16147_/X                                10     13     -3 (VIOLATED)
clkbuf_5_11__f_clk/X                     10     13     -3 (VIOLATED)
clkbuf_5_13__f_clk/X                     10     13     -3 (VIOLATED)
clkbuf_5_15__f_clk/X                     10     13     -3 (VIOLATED)
clkbuf_5_1__f_clk/X                      10     13     -3 (VIOLATED)
clkbuf_5_28__f_clk/X                     10     13     -3 (VIOLATED)
clkbuf_5_4__f_clk/X                      10     13     -3 (VIOLATED)
clkbuf_5_5__f_clk/X                      10     13     -3 (VIOLATED)
clkbuf_5_8__f_clk/X                      10     13     -3 (VIOLATED)
clkbuf_5_9__f_clk/X                      10     13     -3 (VIOLATED)
_10199_/X                                10     12     -2 (VIOLATED)
_10707_/X                                10     12     -2 (VIOLATED)
_10848_/X                                10     12     -2 (VIOLATED)
_10850_/X                                10     12     -2 (VIOLATED)
_10949_/X                                10     12     -2 (VIOLATED)
_10956_/X                                10     12     -2 (VIOLATED)
_11142_/X                                10     12     -2 (VIOLATED)
_11187_/X                                10     12     -2 (VIOLATED)
_11209_/X                                10     12     -2 (VIOLATED)
_11310_/X                                10     12     -2 (VIOLATED)
_11717_/X                                10     12     -2 (VIOLATED)
_11851_/X                                10     12     -2 (VIOLATED)
_12234_/X                                10     12     -2 (VIOLATED)
_12629_/X                                10     12     -2 (VIOLATED)
_12912_/X                                10     12     -2 (VIOLATED)
_14209_/X                                10     12     -2 (VIOLATED)
_14212_/X                                10     12     -2 (VIOLATED)
_14622_/X                                10     12     -2 (VIOLATED)
_14798_/X                                10     12     -2 (VIOLATED)
_14952_/X                                10     12     -2 (VIOLATED)
_15367_/X                                10     12     -2 (VIOLATED)
_15987_/X                                10     12     -2 (VIOLATED)
_16706_/X                                10     12     -2 (VIOLATED)
_16799_/X                                10     12     -2 (VIOLATED)
_17201_/X                                10     12     -2 (VIOLATED)
_18750_/Q                                10     12     -2 (VIOLATED)
clkbuf_5_10__f_clk/X                     10     12     -2 (VIOLATED)
clkbuf_5_17__f_clk/X                     10     12     -2 (VIOLATED)
clkbuf_5_18__f_clk/X                     10     12     -2 (VIOLATED)
clkbuf_5_23__f_clk/X                     10     12     -2 (VIOLATED)
clkbuf_5_25__f_clk/X                     10     12     -2 (VIOLATED)
clkbuf_5_26__f_clk/X                     10     12     -2 (VIOLATED)
clkbuf_5_6__f_clk/X                      10     12     -2 (VIOLATED)
_09374_/X                                10     11        (VIOLATED)
_09986_/X                                10     11        (VIOLATED)
_10851_/X                                10     11        (VIOLATED)
_10867_/X                                10     11        (VIOLATED)
_10892_/X                                10     11        (VIOLATED)
_10928_/X                                10     11        (VIOLATED)
_10981_/X                                10     11        (VIOLATED)
_10999_/X                                10     11        (VIOLATED)
_11017_/X                                10     11        (VIOLATED)
_11019_/X                                10     11        (VIOLATED)
_11034_/X                                10     11        (VIOLATED)
_11152_/X                                10     11        (VIOLATED)
_11154_/X                                10     11        (VIOLATED)
_11170_/X                                10     11        (VIOLATED)
_11178_/X                                10     11        (VIOLATED)
_11185_/X                                10     11        (VIOLATED)
_11276_/X                                10     11        (VIOLATED)
_11416_/X                                10     11        (VIOLATED)
_11685_/X                                10     11        (VIOLATED)
_11710_/X                                10     11        (VIOLATED)
_11796_/X                                10     11        (VIOLATED)
_11897_/X                                10     11        (VIOLATED)
_11935_/X                                10     11        (VIOLATED)
_12396_/X                                10     11        (VIOLATED)
_14202_/X                                10     11        (VIOLATED)
_14616_/X                                10     11        (VIOLATED)
_14631_/X                                10     11        (VIOLATED)
_15880_/X                                10     11        (VIOLATED)
_15895_/X                                10     11        (VIOLATED)
_16792_/X                                10     11        (VIOLATED)
_16943_/X                                10     11        (VIOLATED)
_17221_/X                                10     11        (VIOLATED)
_17401_/X                                10     11        (VIOLATED)
clkbuf_5_12__f_clk/X                     10     11        (VIOLATED)
clkbuf_5_20__f_clk/X                     10     11        (VIOLATED)
clkbuf_5_22__f_clk/X                     10     11        (VIOLATED)
clkbuf_5_31__f_clk/X                     10     11        (VIOLATED)
clkbuf_leaf_276_clk/X                    10     11        (VIOLATED)



===========================================================================
report_parasitic_annotation -report_unannotated
============================================================================
Found 0 unannotated drivers.
Found 0 partially unannotated drivers.

===========================================================================
max slew violation count 7
max fanout violation count 201
max cap violation count 0
============================================================================

===========================================================================
check_setup -verbose -unconstrained_endpoints -multiple_clock -no_clock -no_input_delay -loops -generated_clocks
===========================================================================
