Partial/Required:  6.61, Required:    400.0, Partial:  2643.81, Net: _06422_, Pin: _12657_/B, Layer: met3
Partial/Required:  5.22, Required:    400.0, Partial:  2087.61, Net: net173, Pin: output173/A, Layer: met2
Partial/Required:  4.28, Required:    400.0, Partial:  1712.22, Net: _06916_, Pin: _12349_/B, Layer: met1
Partial/Required:  4.14, Required:    400.0, Partial:  1657.56, Net: _06087_, Pin: _11932_/B, Layer: met1
Partial/Required:  4.06, Required:    400.0, Partial:  1625.56, Net: _07078_, Pin: _12034_/C, Layer: met1
Partial/Required:  3.75, Required:    400.0, Partial:  1500.57, Net: _09011_, Pin: _14269_/A0, Layer: met3
Partial/Required:  3.67, Required:    400.0, Partial:  1466.79, Net: _06758_, Pin: _12737_/C, Layer: met3
Partial/Required:  3.16, Required:    400.0, Partial:  1264.13, Net: _05912_, Pin: _15027_/B, Layer: met3
Partial/Required:  3.15, Required:    400.0, Partial:  1261.11, Net: _03892_, Pin: _17769_/A1, Layer: met1
Partial/Required:  3.01, Required:    400.0, Partial:   1205.0, Net: _02203_, Pin: _14856_/A0, Layer: met1
Partial/Required:  2.64, Required:    400.0, Partial:  1057.56, Net: _03339_, Pin: _17286_/A0, Layer: met1
Partial/Required:  2.56, Required:    400.0, Partial:  1022.28, Net: _06902_, Pin: _12865_/B, Layer: met1
Partial/Required:  2.56, Required:    400.0, Partial:  1022.28, Net: _06902_, Pin: _12207_/B, Layer: met1
Partial/Required:  2.53, Required:    400.0, Partial:  1013.11, Net: _06046_, Pin: _13228_/C, Layer: met2
Partial/Required:  2.53, Required:    400.0, Partial:  1012.22, Net: _08886_, Pin: _14064_/A0, Layer: met1
Partial/Required:  2.47, Required:    400.0, Partial:   987.56, Net: cur_mb_mem\[112\]\[6\], Pin: _16074_/A1, Layer: met1
Partial/Required:  2.46, Required:    400.0, Partial:    986.0, Net: _03677_, Pin: _17585_/A0, Layer: met1
Partial/Required:  2.38, Required:    400.0, Partial:   950.22, Net: cur_mb_mem\[116\]\[0\], Pin: _12297_/A, Layer: met1
Partial/Required:  2.31, Required:    400.0, Partial:   923.94, Net: _08542_, Pin: _14925_/A1, Layer: met2
Partial/Required:  2.28, Required:    400.0, Partial:   912.78, Net: _06044_, Pin: _12145_/B, Layer: met1
Partial/Required:  2.15, Required:    400.0, Partial:    862.0, Net: _06505_, Pin: _11466_/B, Layer: met1
Partial/Required:  2.15, Required:    400.0, Partial:   858.11, Net: _02266_, Pin: _14917_/B, Layer: met2
Partial/Required:  2.12, Required:    400.0, Partial:    850.0, Net: _06192_, Pin: _12881_/C, Layer: met1
Partial/Required:  2.12, Required:    400.0, Partial:   848.33, Net: _06815_, Pin: _12381_/C, Layer: met1
Partial/Required:  2.10, Required:    400.0, Partial:   838.17, Net: _02220_, Pin: _14841_/S, Layer: met1
Partial/Required:  2.07, Required:    400.0, Partial:   827.11, Net: _02975_, Pin: _16179_/A1, Layer: met1
Partial/Required:  2.04, Required:    400.0, Partial:   817.08, Net: _05980_, Pin: _10936_/C, Layer: met1
Partial/Required:  2.04, Required:    400.0, Partial:   814.78, Net: _06023_, Pin: _12290_/B, Layer: met1
Partial/Required:  2.03, Required:    400.0, Partial:   811.56, Net: _09140_, Pin: _14528_/A0, Layer: met1
Partial/Required:  2.01, Required:    400.0, Partial:   804.53, Net: _06187_, Pin: _11192_/A2, Layer: met3
Partial/Required:  1.97, Required:    400.0, Partial:   787.67, Net: _06232_, Pin: _11997_/B, Layer: met1
Partial/Required:  1.96, Required:    400.0, Partial:   782.89, Net: _06937_, Pin: _12861_/B, Layer: met1
Partial/Required:  1.95, Required:    400.0, Partial:   778.89, Net: cur_mb_mem\[241\]\[7\], Pin: _18469_/A1, Layer: met1
Partial/Required:  1.91, Required:    400.0, Partial:   764.33, Net: cur_mb_mem\[15\]\[4\], Pin: _14275_/A1, Layer: met1
Partial/Required:  1.90, Required:    400.0, Partial:   760.22, Net: _06186_, Pin: _12992_/B, Layer: met1
Partial/Required:  1.89, Required:    400.0, Partial:   756.83, Net: _07087_, Pin: _12046_/A, Layer: met2
Partial/Required:  1.82, Required:    400.0, Partial:   727.83, Net: _02209_, Pin: _15186_/A0, Layer: met2
Partial/Required:  1.81, Required:    400.0, Partial:   723.78, Net: _06115_, Pin: _11887_/B, Layer: met1
Partial/Required:  1.80, Required:    400.0, Partial:   718.33, Net: _08539_, Pin: _14978_/A1, Layer: met2
Partial/Required:  1.79, Required:    400.0, Partial:   714.22, Net: _06056_, Pin: _12747_/B, Layer: met1
Partial/Required:  1.77, Required:    400.0, Partial:   709.22, Net: _02345_, Pin: _15127_/A1, Layer: met1
Partial/Required:  1.76, Required:    400.0, Partial:   704.22, Net: _05895_, Pin: _12545_/B, Layer: met1
Partial/Required:  1.76, Required:    400.0, Partial:    704.0, Net: _07235_, Pin: _12899_/B, Layer: met1
Partial/Required:  1.76, Required:    400.0, Partial:   702.17, Net: _02194_, Pin: _14814_/A0, Layer: met2
Partial/Required:  1.76, Required:    400.0, Partial:   702.17, Net: _02194_, Pin: _14831_/A0, Layer: met2
Partial/Required:  1.74, Required:    400.0, Partial:   697.33, Net: _06061_, Pin: _13285_/B, Layer: met1
Partial/Required:  1.74, Required:    400.0, Partial:   695.44, Net: _05947_, Pin: _12395_/C, Layer: met2
Partial/Required:  1.72, Required:    400.0, Partial:   689.78, Net: _08894_, Pin: _14055_/A0, Layer: met1
Partial/Required:  1.71, Required:    400.0, Partial:   684.06, Net: _06859_, Pin: _11815_/C, Layer: met2
Partial/Required:  1.70, Required:    400.0, Partial:   681.65, Net: _03634_, Pin: _17327_/S, Layer: met3
Partial/Required:  1.70, Required:    400.0, Partial:   681.65, Net: _03634_, Pin: _17325_/S, Layer: met3
Partial/Required:  1.70, Required:    400.0, Partial:   679.11, Net: _03743_, Pin: _17754_/A1, Layer: met1
Partial/Required:  1.70, Required:    400.0, Partial:   678.72, Net: _09239_, Pin: _14720_/A0, Layer: met2
Partial/Required:  1.69, Required:    400.0, Partial:   676.67, Net: _06927_, Pin: _11883_/C, Layer: met1
Partial/Required:  1.69, Required:    400.0, Partial:   676.47, Net: net261, Pin: wire260/A, Layer: met1
Partial/Required:  1.69, Required:    400.0, Partial:   675.83, Net: _06149_, Pin: _12185_/B, Layer: met2
Partial/Required:  1.69, Required:    400.0, Partial:   674.89, Net: cur_mb_mem\[116\]\[3\], Pin: _12564_/A, Layer: met1
Partial/Required:  1.63, Required:    400.0, Partial:   651.11, Net: _03100_, Pin: _16511_/A0, Layer: met1
Partial/Required:  1.63, Required:    400.0, Partial:   650.11, Net: _03424_, Pin: _17069_/A1, Layer: met1
Partial/Required:  1.58, Required:    400.0, Partial:   633.44, Net: _06152_, Pin: _11109_/B, Layer: met1
Partial/Required:  1.58, Required:    400.0, Partial:   630.11, Net: _09133_, Pin: _14524_/A0, Layer: met1
Partial/Required:  1.57, Required:    400.0, Partial:   629.67, Net: _03685_, Pin: _17559_/A0, Layer: met1
Partial/Required:  1.57, Required:    400.0, Partial:   628.81, Net: _03689_, Pin: _17411_/A0, Layer: met2
Partial/Required:  1.57, Required:    400.0, Partial:   628.81, Net: _03689_, Pin: _17856_/A0, Layer: met2
Partial/Required:  1.55, Required:    400.0, Partial:   618.03, Net: _09013_, Pin: _14271_/A0, Layer: met3
Partial/Required:  1.53, Required:    400.0, Partial:   612.53, Net: _03581_, Pin: _17384_/A1, Layer: met2
Partial/Required:  1.53, Required:    400.0, Partial:   612.53, Net: _03581_, Pin: _17365_/A1, Layer: met2
Partial/Required:  1.53, Required:    400.0, Partial:   610.89, Net: _06013_, Pin: _12697_/B, Layer: met1
Partial/Required:  1.52, Required:    400.0, Partial:   606.89, Net: _04216_, Pin: _18429_/A1, Layer: met1
Partial/Required:  1.50, Required:    400.0, Partial:   598.56, Net: _02983_, Pin: _16240_/A1, Layer: met1
Partial/Required:  1.49, Required:    400.0, Partial:   594.89, Net: cur_mb_mem\[114\]\[1\], Pin: _12194_/A, Layer: met1
Partial/Required:  1.48, Required:    400.0, Partial:   590.89, Net: _03577_, Pin: _17361_/A1, Layer: met1
Partial/Required:  1.47, Required:    400.0, Partial:   589.44, Net: _02525_, Pin: _15412_/A0, Layer: met1
Partial/Required:  1.47, Required:    400.0, Partial:   587.22, Net: _03681_, Pin: _17555_/A0, Layer: met1
Partial/Required:  1.46, Required:    400.0, Partial:   584.48, Net: net185, Pin: output185/A, Layer: met1
Partial/Required:  1.46, Required:    400.0, Partial:   583.84, Net: _03279_, Pin: _16716_/S, Layer: met3
Partial/Required:  1.46, Required:    400.0, Partial:   583.84, Net: _03279_, Pin: _16719_/S, Layer: met3
Partial/Required:  1.46, Required:    400.0, Partial:   582.22, Net: _06120_, Pin: _12442_/B, Layer: met1
Partial/Required:  1.45, Required:    400.0, Partial:   580.44, Net: _06755_, Pin: _13098_/C, Layer: met1
Partial/Required:  1.45, Required:    400.0, Partial:   580.17, Net: cur_mb_mem\[206\]\[2\], Pin: _12917_/A, Layer: met2
Partial/Required:  1.44, Required:    400.0, Partial:   574.11, Net: _07140_, Pin: _12096_/D, Layer: met1
Partial/Required:  1.42, Required:    400.0, Partial:   566.79, Net: _02709_, Pin: _15700_/S, Layer: met3
Partial/Required:  1.41, Required:    400.0, Partial:   565.62, Net: _03579_, Pin: _17345_/A1, Layer: met3
Partial/Required:  1.41, Required:    400.0, Partial:   565.62, Net: _03579_, Pin: _17239_/A1, Layer: met3
Partial/Required:  1.41, Required:    400.0, Partial:   565.62, Net: _03579_, Pin: _17363_/A1, Layer: met3
Partial/Required:  1.41, Required:    400.0, Partial:   565.62, Net: _03579_, Pin: _17382_/A1, Layer: met3
Partial/Required:  1.41, Required:    400.0, Partial:   562.11, Net: _02348_, Pin: _15129_/A1, Layer: met1
Partial/Required:  1.40, Required:    400.0, Partial:   558.67, Net: _02431_, Pin: _15253_/A0, Layer: met1
Partial/Required:  1.39, Required:    400.0, Partial:   555.33, Net: net16, Pin: _10600_/B, Layer: met2
Partial/Required:  1.39, Required:    400.0, Partial:   555.33, Net: net16, Pin: _10601_/B, Layer: met2
Partial/Required:  1.37, Required:    400.0, Partial:   547.47, Net: _06254_, Pin: _11211_/A, Layer: met2
Partial/Required:  1.36, Required:    400.0, Partial:   544.67, Net: _09149_, Pin: _14603_/A0, Layer: met1
Partial/Required:  1.36, Required:    400.0, Partial:   542.75, Net: _05895_, Pin: _11243_/A, Layer: met1
Partial/Required:  1.35, Required:    400.0, Partial:   541.94, Net: _03250_, Pin: _16657_/S, Layer: met1
Partial/Required:  1.35, Required:    400.0, Partial:   541.52, Net: _06199_, Pin: _12884_/C, Layer: met3
Partial/Required:  1.35, Required:    400.0, Partial:   541.52, Net: _06199_, Pin: _11782_/C, Layer: met3
Partial/Required:  1.35, Required:    400.0, Partial:   541.46, Net: _09013_, Pin: _14393_/A0, Layer: met3
Partial/Required:  1.35, Required:    400.0, Partial:   540.22, Net: _06082_, Pin: _13290_/C, Layer: met1
Partial/Required:  1.35, Required:    400.0, Partial:   539.78, Net: cur_mb_mem\[240\]\[0\], Pin: _12429_/A, Layer: met1
Partial/Required:  1.34, Required:    400.0, Partial:   536.22, Net: _03339_, Pin: _17321_/A0, Layer: met1
Partial/Required:  1.34, Required:    400.0, Partial:   535.44, Net: _08879_, Pin: _14010_/A0, Layer: met1
Partial/Required:  1.33, Required:    400.0, Partial:    534.0, Net: _08548_, Pin: _14196_/A1, Layer: met1
Partial/Required:  1.33, Required:    400.0, Partial:   531.94, Net: _06435_, Pin: _11442_/A, Layer: met2
Partial/Required:  1.33, Required:    400.0, Partial:   531.78, Net: _06053_, Pin: _11376_/C, Layer: met1
Partial/Required:  1.33, Required:    400.0, Partial:   530.89, Net: _03412_, Pin: _17113_/A1, Layer: met1
Partial/Required:  1.32, Required:    400.0, Partial:   529.44, Net: _06165_, Pin: _12047_/B, Layer: met2
Partial/Required:  1.32, Required:    400.0, Partial:    528.0, Net: _06952_, Pin: _12176_/B, Layer: met1
Partial/Required:  1.31, Required:    400.0, Partial:   525.89, Net: cur_mb_mem\[216\]\[4\], Pin: _13254_/A, Layer: met1
Partial/Required:  1.31, Required:    400.0, Partial:   525.83, Net: _02818_, Pin: _16116_/A1, Layer: met2
Partial/Required:  1.31, Required:    400.0, Partial:   525.83, Net: _02818_, Pin: _15878_/A1, Layer: met2
Partial/Required:  1.31, Required:    400.0, Partial:   524.44, Net: _09008_, Pin: _14319_/A0, Layer: met1
Partial/Required:  1.31, Required:    400.0, Partial:   522.89, Net: cur_mb_mem\[97\]\[1\], Pin: _12027_/A, Layer: met1
Partial/Required:  1.30, Required:    400.0, Partial:   521.72, Net: _05957_, Pin: _11824_/B, Layer: met2
Partial/Required:  1.30, Required:    400.0, Partial:   520.72, Net: _06723_, Pin: _11993_/B, Layer: met2
Partial/Required:  1.30, Required:    400.0, Partial:   520.72, Net: _06723_, Pin: _13275_/B, Layer: met2
Partial/Required:  1.30, Required:    400.0, Partial:   520.72, Net: _06723_, Pin: _11996_/B, Layer: met2
Partial/Required:  1.30, Required:    400.0, Partial:   520.72, Net: _06723_, Pin: _12880_/B, Layer: met2
Partial/Required:  1.30, Required:    400.0, Partial:   520.72, Net: _06723_, Pin: _13272_/B, Layer: met2
Partial/Required:  1.30, Required:    400.0, Partial:   520.72, Net: _06723_, Pin: _11679_/C, Layer: met2
Partial/Required:  1.30, Required:    400.0, Partial:   520.72, Net: _06723_, Pin: _12762_/B, Layer: met2
Partial/Required:  1.29, Required:    400.0, Partial:   516.28, Net: _08064_, Pin: _13020_/D, Layer: met2
Partial/Required:  1.29, Required:    400.0, Partial:   514.89, Net: _06198_, Pin: _12074_/B, Layer: met1
Partial/Required:  1.27, Required:    400.0, Partial:   508.89, Net: _05947_, Pin: _12834_/B, Layer: met1
Partial/Required:  1.27, Required:    400.0, Partial:   507.54, Net: net116, Pin: _09579_/B, Layer: met2
Partial/Required:  1.27, Required:    400.0, Partial:   507.54, Net: net116, Pin: _09578_/B, Layer: met2
Partial/Required:  1.26, Required:    400.0, Partial:    505.0, Net: _05999_, Pin: _10971_/B, Layer: met1
Partial/Required:  1.26, Required:    400.0, Partial:    505.0, Net: _06074_, Pin: _12626_/C, Layer: met1
Partial/Required:  1.26, Required:    400.0, Partial:   504.89, Net: _06000_, Pin: _12158_/C, Layer: met2
Partial/Required:  1.26, Required:    400.0, Partial:   503.11, Net: _06809_, Pin: _12457_/C, Layer: met1
Partial/Required:  1.26, Required:    400.0, Partial:   502.67, Net: _06755_, Pin: _12880_/C, Layer: met1
Partial/Required:  1.25, Required:    400.0, Partial:    498.0, Net: _03349_, Pin: _17002_/A0, Layer: met1
Partial/Required:  1.24, Required:    400.0, Partial:   496.44, Net: _02656_, Pin: _15825_/A1, Layer: met2
Partial/Required:  1.23, Required:    400.0, Partial:   493.61, Net: _06896_, Pin: _11923_/C, Layer: met2
Partial/Required:  1.23, Required:    400.0, Partial:   491.44, Net: _02985_, Pin: _16333_/A1, Layer: met1
Partial/Required:  1.23, Required:    400.0, Partial:    491.0, Net: _06997_, Pin: _12162_/C, Layer: met1
Partial/Required:  1.22, Required:    400.0, Partial:   489.67, Net: _07514_, Pin: _12504_/B, Layer: met1
Partial/Required:  1.22, Required:    400.0, Partial:   488.78, Net: _06300_, Pin: _12562_/B, Layer: met1
Partial/Required:  1.21, Required:    400.0, Partial:   484.78, Net: _04212_, Pin: _18567_/A1, Layer: met1
Partial/Required:  1.21, Required:    400.0, Partial:   484.32, Net: _06762_, Pin: _12011_/C, Layer: met3
Partial/Required:  1.20, Required:    400.0, Partial:   481.78, Net: _07001_, Pin: _12173_/B, Layer: met1
Partial/Required:  1.20, Required:    400.0, Partial:   479.52, Net: net141, Pin: output141/A, Layer: met2
Partial/Required:  1.20, Required:    400.0, Partial:   479.44, Net: _09015_, Pin: _14325_/A0, Layer: met1
Partial/Required:  1.20, Required:    400.0, Partial:   479.11, Net: _05971_, Pin: _11406_/C, Layer: met1
Partial/Required:  1.19, Required:    400.0, Partial:   476.11, Net: _09242_, Pin: _14739_/A0, Layer: met2
Partial/Required:  1.19, Required:    400.0, Partial:   476.11, Net: _09242_, Pin: _14774_/A0, Layer: met2
Partial/Required:  1.19, Required:    400.0, Partial:   475.82, Net: _08879_, Pin: _14045_/A0, Layer: met2
Partial/Required:  1.19, Required:    400.0, Partial:   475.82, Net: _08879_, Pin: _14028_/A0, Layer: met2
Partial/Required:  1.19, Required:    400.0, Partial:   475.82, Net: _08879_, Pin: _14079_/A0, Layer: met2
Partial/Required:  1.19, Required:    400.0, Partial:   475.82, Net: _08879_, Pin: _14010_/A0, Layer: met2
Partial/Required:  1.19, Required:    400.0, Partial:   475.82, Net: _08879_, Pin: _13983_/A0, Layer: met2
Partial/Required:  1.19, Required:    400.0, Partial:   475.82, Net: _08879_, Pin: _14062_/A0, Layer: met2
Partial/Required:  1.19, Required:    400.0, Partial:   475.56, Net: cur_mb_mem\[96\]\[3\], Pin: _15771_/A1, Layer: met1
Partial/Required:  1.19, Required:    400.0, Partial:   475.11, Net: _09036_, Pin: _16908_/B, Layer: met1
Partial/Required:  1.19, Required:    400.0, Partial:   474.11, Net: _06461_, Pin: _12698_/B, Layer: met1
Partial/Required:  1.18, Required:    400.0, Partial:   473.11, Net: _06299_, Pin: _16042_/B, Layer: met1
Partial/Required:  1.18, Required:    400.0, Partial:    473.0, Net: _07099_, Pin: _12497_/B, Layer: met1
Partial/Required:  1.18, Required:    400.0, Partial:   471.76, Net: _02830_, Pin: _16128_/A1, Layer: met2
Partial/Required:  1.18, Required:    400.0, Partial:   471.76, Net: _02830_, Pin: _15949_/A1, Layer: met2
Partial/Required:  1.18, Required:    400.0, Partial:   471.76, Net: _02830_, Pin: _15896_/A1, Layer: met2
Partial/Required:  1.18, Required:    400.0, Partial:   471.46, Net: _06033_, Pin: _13062_/B, Layer: met2
Partial/Required:  1.18, Required:    400.0, Partial:   471.46, Net: _06033_, Pin: _13049_/B, Layer: met2
Partial/Required:  1.18, Required:    400.0, Partial:   471.46, Net: _06033_, Pin: _11671_/B, Layer: met2
Partial/Required:  1.18, Required:    400.0, Partial:   470.86, Net: _05895_, Pin: _12632_/B, Layer: met3
Partial/Required:  1.17, Required:    400.0, Partial:   469.11, Net: _02433_, Pin: _15255_/A0, Layer: met1
Partial/Required:  1.17, Required:    400.0, Partial:   466.88, Net: _06769_, Pin: _11733_/C, Layer: met1
Partial/Required:  1.16, Required:    400.0, Partial:   462.33, Net: _07174_, Pin: _12130_/D, Layer: met1
Partial/Required:  1.15, Required:    400.0, Partial:   458.44, Net: _02205_, Pin: _14841_/A0, Layer: met1
Partial/Required:  1.14, Required:    400.0, Partial:   457.67, Net: _03087_, Pin: _16355_/A0, Layer: met1
Partial/Required:  1.14, Required:    400.0, Partial:   455.86, Net: _03334_, Pin: _17317_/A0, Layer: met2
Partial/Required:  1.14, Required:    400.0, Partial:   455.86, Net: _03334_, Pin: _17247_/A0, Layer: met2
Partial/Required:  1.14, Required:    400.0, Partial:   455.22, Net: _02818_, Pin: _16010_/A1, Layer: met1
Partial/Required:  1.13, Required:    400.0, Partial:   453.59, Net: _06204_, Pin: _11848_/C, Layer: met2
Partial/Required:  1.13, Required:    400.0, Partial:   453.59, Net: _06204_, Pin: _11197_/A, Layer: met2
Partial/Required:  1.13, Required:    400.0, Partial:   453.39, Net: _05905_, Pin: _12230_/B, Layer: met2
Partial/Required:  1.13, Required:    400.0, Partial:   453.17, Net: _09025_, Pin: _17786_/A, Layer: met2
Partial/Required:  1.13, Required:    400.0, Partial:   453.17, Net: _09025_, Pin: _18087_/A, Layer: met2
Partial/Required:  1.13, Required:    400.0, Partial:   453.17, Net: _09025_, Pin: _17183_/A, Layer: met2
Partial/Required:  1.13, Required:    400.0, Partial:   452.19, Net: _06832_, Pin: _12881_/B, Layer: met2
Partial/Required:  1.13, Required:    400.0, Partial:   452.19, Net: _06832_, Pin: _12304_/B, Layer: met2
Partial/Required:  1.13, Required:    400.0, Partial:   452.19, Net: _06832_, Pin: _11788_/B, Layer: met2
Partial/Required:  1.13, Required:    400.0, Partial:   452.19, Net: _06832_, Pin: _12111_/B, Layer: met2
Partial/Required:  1.13, Required:    400.0, Partial:   450.78, Net: _06153_, Pin: _12869_/C, Layer: met2
Partial/Required:  1.12, Required:    400.0, Partial:   449.81, Net: _06065_, Pin: _11021_/A, Layer: met1
Partial/Required:  1.12, Required:    400.0, Partial:   447.67, Net: _06877_, Pin: _12155_/B, Layer: met1
Partial/Required:  1.12, Required:    400.0, Partial:   447.22, Net: cur_mb_mem\[224\]\[2\], Pin: _12952_/A, Layer: met1
Partial/Required:  1.12, Required:    400.0, Partial:   447.11, Net: cur_mb_mem\[116\]\[2\], Pin: hold1703/A, Layer: met1
Partial/Required:  1.11, Required:    400.0, Partial:   445.85, Net: _09250_, Pin: _14679_/A0, Layer: met2
Partial/Required:  1.11, Required:    400.0, Partial:   445.85, Net: _09250_, Pin: _14696_/A0, Layer: met2
Partial/Required:  1.11, Required:    400.0, Partial:   445.85, Net: _09250_, Pin: _14662_/A0, Layer: met2
Partial/Required:  1.11, Required:    400.0, Partial:   445.85, Net: _09250_, Pin: _14713_/A0, Layer: met2
Partial/Required:  1.11, Required:   2956.4, Partial:  3283.43, Net: cur_mb_mem\[245\]\[0\], Pin: _18525_/A0, Layer: met3
Partial/Required:  1.11, Required:    400.0, Partial:   443.78, Net: _05944_, Pin: _12665_/C, Layer: met1
Partial/Required:  1.11, Required:    400.0, Partial:   442.79, Net: _09023_, Pin: _14333_/A0, Layer: met3
Partial/Required:  1.11, Required:    400.0, Partial:   442.33, Net: _06230_, Pin: _12897_/B, Layer: met1
Partial/Required:  1.10, Required:    400.0, Partial:   441.78, Net: _02601_, Pin: _15508_/S, Layer: met1
Partial/Required:  1.10, Required:    400.0, Partial:   441.33, Net: cur_mb_mem\[224\]\[6\], Pin: _11589_/A, Layer: met1
Partial/Required:  1.10, Required:    400.0, Partial:   440.41, Net: net103, Pin: _18001_/A, Layer: met2
Partial/Required:  1.10, Required:    400.0, Partial:   440.33, Net: _04057_, Pin: _18113_/A1, Layer: met1
Partial/Required:  1.10, Required:    400.0, Partial:   439.35, Net: _07330_, Pin: _12287_/C1, Layer: met1
Partial/Required:  1.10, Required:    400.0, Partial:   438.22, Net: cur_mb_mem\[248\]\[3\], Pin: hold1694/A, Layer: met1
Partial/Required:  1.09, Required:    400.0, Partial:   437.78, Net: _04049_, Pin: _18231_/A1, Layer: met1
Partial/Required:  1.09, Required:    400.0, Partial:    435.0, Net: _06074_, Pin: _13041_/B, Layer: met1
Partial/Required:  1.09, Required:    400.0, Partial:   434.89, Net: _07021_, Pin: _12222_/B, Layer: met1
Partial/Required:  1.08, Required:    400.0, Partial:   433.42, Net: _03741_, Pin: _17521_/A1, Layer: met1
Partial/Required:  1.08, Required:    400.0, Partial:   432.33, Net: _06442_, Pin: _12695_/B, Layer: met1
Partial/Required:  1.08, Required:    400.0, Partial:   431.89, Net: _06044_, Pin: _12426_/C, Layer: met2
Partial/Required:  1.08, Required:    400.0, Partial:   431.89, Net: _08892_, Pin: _14176_/A0, Layer: met1
Partial/Required:  1.08, Required:    400.0, Partial:   431.62, Net: _02333_, Pin: _15574_/A1, Layer: met3
Partial/Required:  1.08, Required:    400.0, Partial:   431.62, Net: _02333_, Pin: _15119_/A1, Layer: met3
Partial/Required:  1.07, Required:    400.0, Partial:   429.11, Net: _06233_, Pin: _12069_/C, Layer: met1
Partial/Required:  1.07, Required:    400.0, Partial:   428.22, Net: _06198_, Pin: _11155_/B, Layer: met1
Partial/Required:  1.07, Required:    400.0, Partial:   427.11, Net: _06474_, Pin: _12264_/B, Layer: met1
Partial/Required:  1.06, Required:    400.0, Partial:   425.61, Net: _09246_, Pin: _14692_/A0, Layer: met2
Partial/Required:  1.06, Required:    400.0, Partial:   424.78, Net: _06261_, Pin: _11544_/B, Layer: met1
Partial/Required:  1.05, Required:    400.0, Partial:   420.44, Net: _06555_, Pin: _11511_/D, Layer: met1
Partial/Required:  1.05, Required:    400.0, Partial:    420.0, Net: _05918_, Pin: _12988_/B, Layer: met1
Partial/Required:  1.05, Required:    400.0, Partial:   419.67, Net: _02286_, Pin: _17928_/B, Layer: met1
Partial/Required:  1.05, Required:    400.0, Partial:   418.72, Net: _02977_, Pin: _16159_/A1, Layer: met2
Partial/Required:  1.05, Required:    400.0, Partial:   418.72, Net: _02977_, Pin: _16234_/A1, Layer: met2
Partial/Required:  1.05, Required:    400.0, Partial:   418.72, Net: _02977_, Pin: _16325_/A1, Layer: met2
Partial/Required:  1.04, Required:    400.0, Partial:   416.13, Net: _06216_, Pin: _12480_/C, Layer: met3
Partial/Required:  1.04, Required:    400.0, Partial:   416.13, Net: _06216_, Pin: _12995_/C, Layer: met3
Partial/Required:  1.04, Required:    400.0, Partial:   416.13, Net: _06216_, Pin: _12216_/C, Layer: met3
Partial/Required:  1.04, Required:    400.0, Partial:   416.13, Net: _06216_, Pin: _11790_/C, Layer: met3
Partial/Required:  1.04, Required:    400.0, Partial:   416.13, Net: _06216_, Pin: _12181_/C, Layer: met3
Partial/Required:  1.04, Required:    400.0, Partial:   415.39, Net: _03925_, Pin: _17834_/S, Layer: met1
Partial/Required:  1.03, Required:    400.0, Partial:   413.89, Net: _06121_, Pin: _11837_/B, Layer: met1
Partial/Required:  1.03, Required:    400.0, Partial:   413.67, Net: _06747_, Pin: _12453_/C, Layer: met1
Partial/Required:  1.03, Required:    400.0, Partial:   413.44, Net: _09137_, Pin: _14509_/A0, Layer: met1
Partial/Required:  1.03, Required:    400.0, Partial:    413.0, Net: _06210_, Pin: _11984_/B, Layer: met1
Partial/Required:  1.03, Required:    400.0, Partial:   412.67, Net: _03293_, Pin: _16906_/A1, Layer: met1
Partial/Required:  1.03, Required:    400.0, Partial:   412.48, Net: _06137_, Pin: _12330_/A3, Layer: met3
Partial/Required:  1.03, Required:    400.0, Partial:   412.48, Net: _06137_, Pin: _12597_/A3, Layer: met3
Partial/Required:  1.03, Required:    400.0, Partial:   412.33, Net: _04049_, Pin: _18071_/A1, Layer: met1
Partial/Required:  1.03, Required:    400.0, Partial:   410.33, Net: _02397_, Pin: _15142_/S, Layer: met1
Partial/Required:  1.02, Required:    400.0, Partial:   409.62, Net: _06441_, Pin: _11400_/B1, Layer: met2
Partial/Required:  1.02, Required:    400.0, Partial:   408.22, Net: _03201_, Pin: _16693_/A0, Layer: met1
Partial/Required:  1.02, Required:    400.0, Partial:   407.75, Net: _06000_, Pin: _12383_/C, Layer: met3
Partial/Required:  1.02, Required:    400.0, Partial:   406.88, Net: _06295_, Pin: _11742_/A2, Layer: met1
Partial/Required:  1.02, Required:    400.0, Partial:   406.67, Net: _02922_, Pin: _16148_/A, Layer: met1
Partial/Required:  1.02, Required:    400.0, Partial:   406.25, Net: _02406_, Pin: _15153_/A, Layer: met2
Partial/Required:  1.02, Required:    400.0, Partial:   406.25, Net: _02406_, Pin: _17227_/A, Layer: met2
Partial/Required:  1.01, Required:    400.0, Partial:   405.78, Net: _02386_, Pin: _15119_/S, Layer: met2
Partial/Required:  1.01, Required:    400.0, Partial:   404.58, Net: _02345_, Pin: _15072_/A1, Layer: met2
Partial/Required:  1.01, Required:    400.0, Partial:   404.58, Net: _02345_, Pin: _15564_/A1, Layer: met2
Partial/Required:  1.01, Required:    400.0, Partial:   404.58, Net: _02345_, Pin: _15528_/A1, Layer: met2
Partial/Required:  1.01, Required:    400.0, Partial:   404.58, Net: _02345_, Pin: _15146_/A1, Layer: met2
Partial/Required:  1.01, Required:    400.0, Partial:   402.56, Net: _02286_, Pin: _17039_/B, Layer: met1
Partial/Required:  1.00, Required:    400.0, Partial:   401.67, Net: _06378_, Pin: _11741_/C, Layer: met1
Partial/Required:  1.00, Required:    400.0, Partial:   400.91, Net: _06365_, Pin: _12578_/B, Layer: met2
Partial/Required:  1.00, Required:    400.0, Partial:   400.91, Net: _06365_, Pin: _12567_/B, Layer: met2
Partial/Required:  1.00, Required:    400.0, Partial:   400.91, Net: _06365_, Pin: _12300_/B, Layer: met2
