
60. Executing CHECK pass (checking for obvious problems).
Checking module hexbs_top...
Warning: Wire hexbs_top.\sad [15] is used but has no driver.
Warning: Wire hexbs_top.\sad [14] is used but has no driver.
Warning: Wire hexbs_top.\sad [13] is used but has no driver.
Warning: Wire hexbs_top.\sad [12] is used but has no driver.
Warning: Wire hexbs_top.\sad [11] is used but has no driver.
Warning: Wire hexbs_top.\sad [10] is used but has no driver.
Warning: Wire hexbs_top.\sad [9] is used but has no driver.
Warning: Wire hexbs_top.\sad [8] is used but has no driver.
Warning: Wire hexbs_top.\sad [7] is used but has no driver.
Warning: Wire hexbs_top.\sad [6] is used but has no driver.
Warning: Wire hexbs_top.\sad [5] is used but has no driver.
Warning: Wire hexbs_top.\sad [4] is used but has no driver.
Warning: Wire hexbs_top.\sad [3] is used but has no driver.
Warning: Wire hexbs_top.\sad [2] is used but has no driver.
Warning: Wire hexbs_top.\sad [1] is used but has no driver.
Warning: Wire hexbs_top.\sad [0] is used but has no driver.
Warning: Wire hexbs_top.\mv_y [5] is used but has no driver.
Warning: Wire hexbs_top.\mv_y [4] is used but has no driver.
Warning: Wire hexbs_top.\mv_y [3] is used but has no driver.
Warning: Wire hexbs_top.\mv_y [2] is used but has no driver.
Warning: Wire hexbs_top.\mv_y [1] is used but has no driver.
Warning: Wire hexbs_top.\mv_y [0] is used but has no driver.
Warning: Wire hexbs_top.\mv_x [5] is used but has no driver.
Warning: Wire hexbs_top.\mv_x [4] is used but has no driver.
Warning: Wire hexbs_top.\mv_x [3] is used but has no driver.
Warning: Wire hexbs_top.\mv_x [2] is used but has no driver.
Warning: Wire hexbs_top.\mv_x [1] is used but has no driver.
Warning: Wire hexbs_top.\mv_x [0] is used but has no driver.
Warning: Wire hexbs_top.\mem_addr [31] is used but has no driver.
Warning: Wire hexbs_top.\mem_addr [30] is used but has no driver.
Warning: Wire hexbs_top.\mem_addr [29] is used but has no driver.
Warning: Wire hexbs_top.\mem_addr [28] is used but has no driver.
Warning: Wire hexbs_top.\mem_addr [27] is used but has no driver.
Warning: Wire hexbs_top.\mem_addr [26] is used but has no driver.
Warning: Wire hexbs_top.\mem_addr [25] is used but has no driver.
Warning: Wire hexbs_top.\mem_addr [24] is used but has no driver.
Warning: Wire hexbs_top.\mem_addr [23] is used but has no driver.
Warning: Wire hexbs_top.\mem_addr [22] is used but has no driver.
Warning: Wire hexbs_top.\mem_addr [21] is used but has no driver.
Warning: Wire hexbs_top.\mem_addr [20] is used but has no driver.
Warning: Wire hexbs_top.\mem_addr [19] is used but has no driver.
Warning: Wire hexbs_top.\mem_addr [18] is used but has no driver.
Warning: Wire hexbs_top.\mem_addr [17] is used but has no driver.
Warning: Wire hexbs_top.\mem_addr [16] is used but has no driver.
Warning: Wire hexbs_top.\mem_addr [15] is used but has no driver.
Warning: Wire hexbs_top.\mem_addr [14] is used but has no driver.
Warning: Wire hexbs_top.\mem_addr [13] is used but has no driver.
Warning: Wire hexbs_top.\mem_addr [12] is used but has no driver.
Warning: Wire hexbs_top.\mem_addr [11] is used but has no driver.
Warning: Wire hexbs_top.\mem_addr [10] is used but has no driver.
Warning: Wire hexbs_top.\mem_addr [9] is used but has no driver.
Warning: Wire hexbs_top.\mem_addr [8] is used but has no driver.
Warning: Wire hexbs_top.\mem_addr [7] is used but has no driver.
Warning: Wire hexbs_top.\mem_addr [6] is used but has no driver.
Warning: Wire hexbs_top.\mem_addr [5] is used but has no driver.
Warning: Wire hexbs_top.\mem_addr [4] is used but has no driver.
Warning: Wire hexbs_top.\mem_addr [3] is used but has no driver.
Warning: Wire hexbs_top.\mem_addr [2] is used but has no driver.
Warning: Wire hexbs_top.\mem_addr [1] is used but has no driver.
Warning: Wire hexbs_top.\mem_addr [0] is used but has no driver.
Warning: Wire hexbs_top.\done is used but has no driver.
Found and reported 61 problems.
