
===========================================================================
 report_power
============================================================================
======================= Fastest Corner ===================================

Group                  Internal  Switching    Leakage      Total
                          Power      Power      Power      Power (Watts)
----------------------------------------------------------------
Sequential             6.61e-03   1.54e-03   5.83e-07   8.15e-03  29.6%
Combinational          9.12e-03   1.03e-02   1.79e-07   1.94e-02  70.4%
Macro                  0.00e+00   0.00e+00   0.00e+00   0.00e+00   0.0%
Pad                    0.00e+00   0.00e+00   0.00e+00   0.00e+00   0.0%
----------------------------------------------------------------
Total                  1.57e-02   1.18e-02   7.62e-07   2.76e-02 100.0%
                          57.0%      43.0%       0.0%

======================= Slowest Corner ===================================

Group                  Internal  Switching    Leakage      Total
                          Power      Power      Power      Power (Watts)
----------------------------------------------------------------
Sequential             4.50e-03   1.02e-03   3.28e-05   5.55e-03  29.3%
Combinational          6.48e-03   6.81e-03   7.05e-05   1.34e-02  70.7%
Macro                  0.00e+00   0.00e+00   0.00e+00   0.00e+00   0.0%
Pad                    0.00e+00   0.00e+00   0.00e+00   0.00e+00   0.0%
----------------------------------------------------------------
Total                  1.10e-02   7.82e-03   1.03e-04   1.89e-02 100.0%
                          58.1%      41.4%       0.5%

======================= Typical Corner ===================================

Group                  Internal  Switching    Leakage      Total
                          Power      Power      Power      Power (Watts)
----------------------------------------------------------------
Sequential             5.72e-03   1.30e-03   5.69e-07   7.02e-03  29.6%
Combinational          8.02e-03   8.71e-03   8.99e-08   1.67e-02  70.4%
Macro                  0.00e+00   0.00e+00   0.00e+00   0.00e+00   0.0%
Pad                    0.00e+00   0.00e+00   0.00e+00   0.00e+00   0.0%
----------------------------------------------------------------
Total                  1.37e-02   1.00e-02   6.59e-07   2.37e-02 100.0%
                          57.9%      42.1%       0.0%

