#-----------------------------------------------------------
# Vivado v2025.1 (64-bit)
# SW Build 6140274 on Thu May 22 00:12:29 MDT 2025
# IP Build 6138677 on Thu May 22 03:10:11 MDT 2025
# SharedData Build 6139179 on Tue May 20 17:58:58 MDT 2025
# Start of session at: Sat Dec 13 20:31:27 2025
# Process ID         : 20044
# Current directory  : E:/nchu/Vivado/FinalA/FinalA.runs/impl_1
# Command line       : vivado.exe -log Smart_Top.vdi -applog -product Vivado -messageDb vivado.pb -mode batch -source Smart_Top.tcl -notrace
# Log file           : E:/nchu/Vivado/FinalA/FinalA.runs/impl_1/Smart_Top.vdi
# Journal file       : E:/nchu/Vivado/FinalA/FinalA.runs/impl_1\vivado.jou
# Running On         : DESKTOP-1HCTPEK
# Platform           : Windows Server 2016 or Windows 10
# Operating System   : 26100
# Processor Detail   : AMD Ryzen 5 3500X 6-Core Processor             
# CPU Frequency      : 3593 MHz
# CPU Physical cores : 6
# CPU Logical cores  : 6
# Host memory        : 34302 MB
# Swap memory        : 17136 MB
# Total Virtual      : 51439 MB
# Available Virtual  : 24549 MB
#-----------------------------------------------------------
source Smart_Top.tcl -notrace
